Godot Engine v4.7.2.stable.official.ed1daf0bf - https://godotengine.org

[   0% ] [90m[1mfirst_scan_filesystem[22m | Started Project initialization (5 steps)[39m[0m
[   0% ] [90m[1mfirst_scan_filesystem[22m | Scanning file structure...[39m[0m
[  16% ] [90m[1mfirst_scan_filesystem[22m | Loading global class names...[39m[0m
[  33% ] [90m[1mfirst_scan_filesystem[22m | Verifying GDExtensions...[39m[0m
[  50% ] [90m[1mfirst_scan_filesystem[22m | Creating autoload scripts...[39m[0m
[  66% ] [90m[1mfirst_scan_filesystem[22m | Initializing plugins...[39m[0m
[  83% ] [90m[1mfirst_scan_filesystem[22m | Starting file scan...[39m[0m
[92m[ DONE ][39m [1mfirst_scan_filesystem[22m
[0m
[   0% ] [90m[1m_update_scan_actions[22m | Started Scanning actions... (24 steps)[39m[0m
[   0% ] [90m[1m_update_scan_actions[22m | ui_ammo_empty.png[39m[0m
[   4% ] [90m[1m_update_scan_actions[22m | ui_ammo_full.png[39m[0m
[   8% ] [90m[1m_update_scan_actions[22m | ui_arrow.png[39m[0m
[  12% ] [90m[1m_update_scan_actions[22m | ui_button_disabled.png[39m[0m
[  16% ] [90m[1m_update_scan_actions[22m | ui_button_hover.png[39m[0m
[  20% ] [90m[1m_update_scan_actions[22m | ui_button_normal.png[39m[0m
[  24% ] [90m[1m_update_scan_actions[22m | ui_button_pressed.png[39m[0m
[  28% ] [90m[1m_update_scan_actions[22m | ui_close.png[39m[0m
[  32% ] [90m[1m_update_scan_actions[22m | ui_focus.png[39m[0m
[  36% ] [90m[1m_update_scan_actions[22m | ui_hud_panel.png[39m[0m
[  40% ] [90m[1m_update_scan_actions[22m | ui_keycap.png[39m[0m
[  44% ] [90m[1m_update_scan_actions[22m | ui_panel.png[39m[0m
[  48% ] [90m[1m_update_scan_actions[22m | ui_radio_off.png[39m[0m
[  52% ] [90m[1m_update_scan_actions[22m | ui_radio_on.png[39m[0m
[  56% ] [90m[1m_update_scan_actions[22m | ui_sign_panel.png[39m[0m
[  60% ] [90m[1m_update_scan_actions[22m | ui_slider_fill.png[39m[0m
[  64% ] [90m[1m_update_scan_actions[22m | ui_slider_hover.png[39m[0m
[  68% ] [90m[1m_update_scan_actions[22m | ui_slider_normal.png[39m[0m
[  72% ] [90m[1m_update_scan_actions[22m | ui_slider_track.png[39m[0m
[  76% ] [90m[1m_update_scan_actions[22m | ui_summit.png[39m[0m
[  80% ] [90m[1m_update_scan_actions[22m | ui_switch_off.png[39m[0m
[  84% ] [90m[1m_update_scan_actions[22m | ui_switch_off_hover.png[39m[0m
[  88% ] [90m[1m_update_scan_actions[22m | ui_switch_on.png[39m[0m
[  92% ] [90m[1m_update_scan_actions[22m | ui_switch_on_hover.png[39m[0m
[92m[ DONE ][39m [1m_update_scan_actions[22m
[0m
[   0% ] [90m[1mreimport[22m | Started (Re)Importing Assets (6 steps)[39m[0m
[   0% ] [90m[1mreimport[22m | Preparing files to reimport...[39m[0m
[  14% ] [90m[1mreimport[22m | Preparing files to reimport...[39m[0m
[  28% ] [90m[1mreimport[22m | Preparing files to reimport...[39m[0m
[  42% ] [90m[1mreimport[22m | Preparing files to reimport...[39m[0m
[  57% ] [90m[1mreimport[22m | Preparing files to reimport...[39m[0m
[  71% ] [90m[1mreimport[22m | Preparing files to reimport...[39m[0m
[   0% ] [90m[1mreimport[22m | Executing pre-reimport operations...[39m[0m
[   0% ] [90m[1mreimport[22m | ui_ammo_empty.png[39m[0m
[  14% ] [90m[1mreimport[22m | ui_ammo_full.png[39m[0m
[  28% ] [90m[1mreimport[22m | ui_hud_panel.png[39m[0m
[  42% ] [90m[1mreimport[22m | ui_keycap.png[39m[0m
[  57% ] [90m[1mreimport[22m | ui_sign_panel.png[39m[0m
[  71% ] [90m[1mreimport[22m | ui_summit.png[39m[0m
[  85% ] [90m[1mreimport[22m | Finalizing Asset Import...[39m[0m
[92m[ DONE ][39m [1mreimport[22m
[0m
[   0% ] [90m[1mreimport[22m | Started (Re)Importing Assets (6 steps)[39m[0m
[   0% ] [90m[1mreimport[22m | Executing post-reimport operations...[39m[0m
[92m[ DONE ][39m [1mreimport[22m
[0m
[   0% ] [90m[1mloading_editor_layout[22m | Started Loading editor (5 steps)[39m[0m
[   0% ] [90m[1mloading_editor_layout[22m | Loading editor layout...[39m[0m
[  16% ] [90m[1mloading_editor_layout[22m | Loading docks...[39m[0m
[  33% ] [90m[1mloading_editor_layout[22m | Reopening scenes...[39m[0m
[  50% ] [90m[1mloading_editor_layout[22m | Loading central editor layout...[39m[0m
[  66% ] [90m[1mloading_editor_layout[22m | Loading plugin window layout...[39m[0m
[  83% ] [90m[1mloading_editor_layout[22m | Editor layout ready.[39m[0m
[92m[ DONE ][39m [1mloading_editor_layout[22m
[0m
